// Jest Snapshot v1, https://goo.gl/fbAQLP

exports[`test dashboard query 1`] = `
Object {
  "data": Object {
    "dashboards": Array [
      Object {
        "analyses": Array [
          Object {
            "description": "Sample analysis",
            "id": "ABC_123",
            "title": "ABC",
          },
        ],
        "id": "TREE_CELLSCAPE",
      },
    ],
  },
  "errors": undefined,
  "extensions": undefined,
  "http": Object {
    "headers": Headers {
      Symbol(map): Object {},
    },
  },
}
`;
